[2026-05-02 23:18:57] === 开始内核编译（使用 LLVM 18.1.8）===
[2026-05-02 23:18:57] 检查编译环境...
[2026-05-02 23:18:57] 测试编译器...
[2026-05-02 23:18:57] SUCCESS: 编译器检查通过: ClangBuiltLinux clang version 18.1.8 (https://github.com/llvm/llvm-project.git 3b5b5c1ec4a3095ab096dd780e84d7ab81f3d7ff)
[2026-05-02 23:18:57] [1/4] 执行彻底清理...
-- ReSukiSU version code: 34878
-- ReSukiSU version name: 
-- KERNEL_VERSION: 5.4
-- KERNEL_TYPE: GKI 1.0
-- KPM is disabled
-- ReSukiSU/compat: current_sid found
-- ReSukiSU/compat: selinux_state found
-- ReSukiSU/compat: kernel_read found
-- ReSukiSU/compat: kernel_write found
-- ReSukiSU/compat: path_umount found
-- ReSukiSU/compat: selinux_inode found
-- ReSukiSU/compat: selinux_cred found
grep: ./include/linux/seccomp_types.h: No such file or directory
-- ReSukiSU/compat: file_inode() found
-- ReSukiSU/compat: ns_get_path found
-- ReSukiSU/compat: modern dentry_open found
-- ReSukiSU/compat: ext4_unregister_sysfs found
-- ReSukiSU/compat: f_op->read_iter found
-- ReSukiSU/compat: iterate_dir found
-- ReSukiSU/compat: modern static_key_interface found
-- ReSukiSU/compat: d_inode found
-- ReSukiSU/compat: inode_lock found
-- ReSukiSU/compat: modern errno file found
-- ReSukiSU/compat: overflow.h found
-- ReSukiSU/compat: modern proc ns header file found
[2026-05-02 23:20:04] SUCCESS: 清理完成
[2026-05-02 23:20:04] [2/4] 生成内核配置: vendor/star_defconfig
[2026-05-02 23:20:04] 使用命令: make -j8 O=./out LLVM=1 vendor/star_defconfig
[2026-05-02 23:20:04] 配置命令: make ARCH=arm64 LLVM=1 CC='/home/wyc/llvm-18.1.8-aarch64/bin/clang' LD='/home/wyc/llvm-18.1.8-aarch64/bin/ld.lld' AR='/home/wyc/llvm-18.1.8-aarch64/bin/llvm-ar' NM='/home/wyc/llvm-18.1.8-aarch64/bin/llvm-nm' STRIP='/home/wyc/llvm-18.1.8-aarch64/bin/llvm-strip' O='./out' vendor/star_defconfig
make[1]: Entering directory '/home/wyc/android_kernel_xiaomi_sm8350-miui/out'
  GEN     Makefile
  HOSTCC  scripts/basic/fixdep
  HOSTCC  scripts/kconfig/conf.o
  HOSTCC  scripts/kconfig/confdata.o
  HOSTCC  scripts/kconfig/expr.o
  LEX     scripts/kconfig/lexer.lex.c
  YACC    scripts/kconfig/parser.tab.[ch]
  HOSTCC  scripts/kconfig/lexer.lex.o
  HOSTCC  scripts/kconfig/parser.tab.o
  HOSTCC  scripts/kconfig/preprocess.o
  HOSTCC  scripts/kconfig/symbol.o
  HOSTLD  scripts/kconfig/conf
arch/arm64/configs/vendor/star_defconfig:116:warning: override: reassigning to symbol KALLSYMS_ALL
#
# configuration written to .config
#
make[1]: Leaving directory '/home/wyc/android_kernel_xiaomi_sm8350-miui/out'
[2026-05-02 23:20:18] SUCCESS: 配置生成成功
[2026-05-02 23:20:18] [3/4] 开始编译内核 (使用 8 线程)...
[2026-05-02 23:20:18] 详细编译日志保存至: ./build_logs/build_20260502_231857.log
[2026-05-02 23:20:18] 编译命令: make ARCH=arm64 LLVM=1     CC='/home/wyc/llvm-18.1.8-aarch64/bin/clang'     LD='/home/wyc/llvm-18.1.8-aarch64/bin/ld.lld'     AR='/home/wyc/llvm-18.1.8-aarch64/bin/llvm-ar'     NM='/home/wyc/llvm-18.1.8-aarch64/bin/llvm-nm'     STRIP='/home/wyc/llvm-18.1.8-aarch64/bin/llvm-strip'     OBJCOPY='/home/wyc/llvm-18.1.8-aarch64/bin/llvm-objcopy'     OBJDUMP='/home/wyc/llvm-18.1.8-aarch64/bin/llvm-objdump'     O='./out'     -j8
=== 编译开始 ===
命令: make ARCH=arm64 LLVM=1     CC='/home/wyc/llvm-18.1.8-aarch64/bin/clang'     LD='/home/wyc/llvm-18.1.8-aarch64/bin/ld.lld'     AR='/home/wyc/llvm-18.1.8-aarch64/bin/llvm-ar'     NM='/home/wyc/llvm-18.1.8-aarch64/bin/llvm-nm'     STRIP='/home/wyc/llvm-18.1.8-aarch64/bin/llvm-strip'     OBJCOPY='/home/wyc/llvm-18.1.8-aarch64/bin/llvm-objcopy'     OBJDUMP='/home/wyc/llvm-18.1.8-aarch64/bin/llvm-objdump'     O='./out'     -j8
时间: Sat May  2 11:20:19 PM CST 2026
=================
make[1]: Entering directory '/home/wyc/android_kernel_xiaomi_sm8350-miui/out'
  GEN     Makefile
scripts/kconfig/conf  --syncconfig Kconfig
  GEN     Makefile
  WRAP    arch/arm64/include/generated/uapi/asm/kvm_para.h
  WRAP    arch/arm64/include/generated/uapi/asm/errno.h
  WRAP    arch/arm64/include/generated/uapi/asm/ioctl.h
  WRAP    arch/arm64/include/generated/uapi/asm/ioctls.h
  WRAP    arch/arm64/include/generated/uapi/asm/ipcbuf.h
  WRAP    arch/arm64/include/generated/uapi/asm/mman.h
  WRAP    arch/arm64/include/generated/uapi/asm/msgbuf.h
  WRAP    arch/arm64/include/generated/uapi/asm/poll.h
  WRAP    arch/arm64/include/generated/uapi/asm/resource.h
  WRAP    arch/arm64/include/generated/uapi/asm/sembuf.h
  WRAP    arch/arm64/include/generated/uapi/asm/shmbuf.h
  WRAP    arch/arm64/include/generated/uapi/asm/siginfo.h
  WRAP    arch/arm64/include/generated/uapi/asm/socket.h
  WRAP    arch/arm64/include/generated/uapi/asm/sockios.h
  WRAP    arch/arm64/include/generated/uapi/asm/stat.h
  WRAP    arch/arm64/include/generated/uapi/asm/swab.h
  WRAP    arch/arm64/include/generated/uapi/asm/termbits.h
  WRAP    arch/arm64/include/generated/uapi/asm/termios.h
  WRAP    arch/arm64/include/generated/uapi/asm/types.h
  UPD     include/generated/uapi/linux/version.h
  WRAP    arch/arm64/include/generated/asm/bugs.h
  WRAP    arch/arm64/include/generated/asm/delay.h
  WRAP    arch/arm64/include/generated/asm/div64.h
  WRAP    arch/arm64/include/generated/asm/dma.h
  WRAP    arch/arm64/include/generated/asm/dma-contiguous.h
  WRAP    arch/arm64/include/generated/asm/dma-mapping.h
  WRAP    arch/arm64/include/generated/asm/early_ioremap.h
  WRAP    arch/arm64/include/generated/asm/emergency-restart.h
  WRAP    arch/arm64/include/generated/asm/hw_irq.h
  WRAP    arch/arm64/include/generated/asm/irq_regs.h
  WRAP    arch/arm64/include/generated/asm/kdebug.h
  WRAP    arch/arm64/include/generated/asm/kmap_types.h
  WRAP    arch/arm64/include/generated/asm/local.h
  WRAP    arch/arm64/include/generated/asm/local64.h
  WRAP    arch/arm64/include/generated/asm/mcs_spinlock.h
  WRAP    arch/arm64/include/generated/asm/mm-arch-hooks.h
  WRAP    arch/arm64/include/generated/asm/mmiowb.h
  WRAP    arch/arm64/include/generated/asm/msi.h
  WRAP    arch/arm64/include/generated/asm/qrwlock.h
  WRAP    arch/arm64/include/generated/asm/qspinlock.h
  WRAP    arch/arm64/include/generated/asm/serial.h
  WRAP    arch/arm64/include/generated/asm/set_memory.h
  WRAP    arch/arm64/include/generated/asm/switch_to.h
  WRAP    arch/arm64/include/generated/asm/unaligned.h
  WRAP    arch/arm64/include/generated/asm/trace_clock.h
  WRAP    arch/arm64/include/generated/asm/user.h
  WRAP    arch/arm64/include/generated/asm/vga.h
  HOSTCC  scripts/unifdef
  HOSTCC  scripts/dtc/dtc.o
  HOSTCC  scripts/dtc/flattree.o
  HOSTCC  scripts/dtc/fstree.o
  HOSTCC  scripts/dtc/data.o
  HOSTCC  scripts/dtc/livetree.o
  HOSTCC  scripts/dtc/treesource.o
  HOSTCC  scripts/dtc/srcpos.o
  HOSTCC  scripts/dtc/checks.o
  HOSTCC  scripts/dtc/util.o
  LEX     scripts/dtc/dtc-lexer.lex.c
  YACC    scripts/dtc/dtc-parser.tab.[ch]
  HOSTCC  scripts/dtc/libfdt/fdt.o
  HOSTCC  scripts/dtc/libfdt/fdt_ro.o
  HOSTCC  scripts/dtc/libfdt/fdt_wip.o
  HOSTCC  scripts/dtc/libfdt/fdt_sw.o
  HOSTCC  scripts/dtc/libfdt/fdt_rw.o
  HOSTCC  scripts/dtc/libfdt/fdt_strerror.o
  HOSTCC  scripts/dtc/libfdt/fdt_empty_tree.o
  HOSTCC  scripts/dtc/libfdt/fdt_addresses.o
  HOSTCC  scripts/dtc/libfdt/fdt_overlay.o
  HOSTCC  scripts/dtc/fdtoverlay.o
  HOSTCC  scripts/dtc/dtc-lexer.lex.o
  HOSTCC  scripts/dtc/dtc-parser.tab.o
  HOSTLD  scripts/dtc/fdtoverlay
  HOSTLD  scripts/dtc/dtc
Building for Xiaomi Mi 11 Ultra
"QGKI Spectra Camera Built-in"
  UPD     include/config/kernel.release
  HOSTCC  scripts/kallsyms
  HOSTCC  scripts/genksyms/genksyms.o
  HOSTCC  scripts/selinux/genheaders/genheaders
  HOSTCC  scripts/selinux/mdp/mdp
  YACC    scripts/genksyms/parse.tab.[ch]
  HOSTCC  scripts/sortextable
  LEX     scripts/genksyms/lex.lex.c
  HOSTCC  scripts/genksyms/parse.tab.o
  HOSTCC  scripts/asn1_compiler
  HOSTCC  scripts/genksyms/lex.lex.o
  HOSTCC  scripts/extract-cert
  HOSTLD  scripts/genksyms/genksyms
  UPD     include/generated/utsrelease.h
  DTC     arch/arm64/boot/dts/vendor/qcom/lahaina.dtb
-- ReSukiSU version code: 34878
-- ReSukiSU version name: v4.1.0-47a53940-dirty@ReSukiSU
-- Supported Unofficial Manager: MKSU, RKSU, KOWSU, SukiSU-Ultra, ReSukiSU 
-- KERNEL_VERSION: 5.4
-- KERNEL_TYPE: GKI 1.0
-- ReSukiSU: using Manual Hook
-- ReSukiSU/manual_hook: You are using LSM hooks for setuid hooks.
-- ReSukiSU/manual_hook: You are using LSM hooks for init rc hooks.
-- ReSukiSU/manual_hook: You are using input_handler for input hooks.
-- You lost ksu_handle_execveat hook in your kernel
-- Read: https://resukisu.github.io/guide/manual-integrate.html
/home/wyc/android_kernel_xiaomi_sm8350-miui/KernelSU/kernel/tools/manual_hook_check.mk:70: *** You should integrate ReSukiSU in your kernel..  Stop.
make[2]: *** [../scripts/Makefile.modbuiltin:55: drivers/kernelsu] Error 2
make[2]: *** Waiting for unfinished jobs....
  DTC     arch/arm64/boot/dts/vendor/qcom/katmai-fp2.dtb
  CC      scripts/mod/empty.o
  HOSTCC  scripts/mod/mk_elfconfig
  CC      scripts/mod/devicetable-offsets.s
  DTC     arch/arm64/boot/dts/vendor/qcom/katmai.dtb
  DTC     arch/arm64/boot/dts/vendor/qcom/katmaip-fp2.dtb
  UPD     scripts/mod/devicetable-offsets.h
  MKELF   scripts/mod/elfconfig.h
  HOSTCC  scripts/mod/modpost.o
  HOSTCC  scripts/mod/file2alias.o
  DTC     arch/arm64/boot/dts/vendor/qcom/katmaip.dtb
  DTC     arch/arm64/boot/dts/vendor/qcom/lahaina-v2.dtb
  HDRINST usr/include/asm-generic/auxvec.h
make[1]: *** [/home/wyc/android_kernel_xiaomi_sm8350-miui/Makefile:1464: _modbuiltin_drivers] Error 2
make[1]: *** Waiting for unfinished jobs....
  HDRINST usr/include/asm-generic/bitsperlong.h
  DTC     arch/arm64/boot/dts/vendor/qcom/lahaina-v2.1.dtb
  HDRINST usr/include/asm-generic/bpf_perf_event.h
  DTC     arch/arm64/boot/dts/vendor/qcom/lahaina-mtp-hsp-overlay.dtbo
  HDRINST usr/include/asm-generic/errno-base.h
  HDRINST usr/include/asm-generic/errno.h
  HOSTCC  scripts/mod/sumversion.o
  HDRINST usr/include/asm-generic/fcntl.h
  DTC     arch/arm64/boot/dts/vendor/qcom/lahaina-qrd-hsp-overlay.dtbo
  DTC     arch/arm64/boot/dts/vendor/qcom/lahaina-rumi-overlay.dtbo
  HDRINST usr/include/asm-generic/hugetlb_encode.h
  DTC     arch/arm64/boot/dts/vendor/qcom/lahainap.dtb
  HDRINST usr/include/asm-generic/int-l64.h
  DTC     arch/arm64/boot/dts/vendor/qcom/lahainap-v2.dtb
  HDRINST usr/include/asm-generic/int-ll64.h
  DTC     arch/arm64/boot/dts/vendor/qcom/lahainap-v2.1.dtb
  HDRINST usr/include/asm-generic/ioctl.h
  HOSTLD  scripts/mod/modpost
  HDRINST usr/include/asm-generic/ioctls.h
  HDRINST usr/include/asm-generic/ipcbuf.h
  DTC     arch/arm64/boot/dts/vendor/qcom/yupik.dtb
  HDRINST usr/include/asm-generic/kvm_para.h
  DTC     arch/arm64/boot/dts/vendor/qcom/mars-sm8350-overlay.dtbo
  HDRINST usr/include/asm-generic/mman-common.h
  DTC     arch/arm64/boot/dts/vendor/qcom/odin-sm8350-overlay.dtbo
  HDRINST usr/include/asm-generic/mman.h
  CC      kernel/bounds.s
  HDRINST usr/include/asm-generic/msgbuf.h
  HDRINST usr/include/asm-generic/param.h
  HDRINST usr/include/asm-generic/poll.h
  DTC     arch/arm64/boot/dts/vendor/qcom/shima.dtb
  HDRINST usr/include/asm-generic/posix_types.h
  HDRINST usr/include/asm-generic/resource.h
  CALL    ../scripts/atomic/check-atomics.sh
  UPD     include/generated/timeconst.h
  HDRINST usr/include/asm-generic/sembuf.h
  UPD     include/generated/bounds.h
  DTC     arch/arm64/boot/dts/vendor/qcom/star-sm8350-overlay.dtbo
  HDRINST usr/include/asm-generic/setup.h
  HDRINST usr/include/asm-generic/shmbuf.h
  DTC     arch/arm64/boot/dts/vendor/qcom/venus-sm8350-overlay.dtbo
  CC      arch/arm64/kernel/asm-offsets.s
  HDRINST usr/include/asm-generic/siginfo.h
  DTC     arch/arm64/boot/dts/vendor/qcom/vili-sm8350-overlay.dtbo
  DTC     arch/arm64/boot/dts/vendor/qcom/yupik-hsp.dtb
  HDRINST usr/include/asm-generic/signal-defs.h
  DTC     arch/arm64/boot/dts/vendor/qcom/yupik-iot.dtb
  HDRINST usr/include/asm-generic/signal.h
  HDRINST usr/include/asm-generic/socket.h
  HDRINST usr/include/asm-generic/sockios.h
  HDRINST usr/include/asm-generic/stat.h
  HDRINST usr/include/asm-generic/statfs.h
  HDRINST usr/include/asm-generic/swab.h
  HDRINST usr/include/asm-generic/termbits.h
  HDRINST usr/include/asm-generic/termios.h
  HDRINST usr/include/asm-generic/types.h
  DTC     arch/arm64/boot/dts/vendor/qcom/yupik-qrd-overlay.dtbo
  HDRINST usr/include/asm-generic/ucontext.h
  DTC     arch/arm64/boot/dts/vendor/qcom/yupik-rumi-overlay.dtbo
  DTC     arch/arm64/boot/dts/vendor/qcom/yupikp.dtb
  HDRINST usr/include/asm-generic/unistd.h
  DTC     arch/arm64/boot/dts/vendor/qcom/yupikp-hsp.dtb
  HDRINST usr/include/drm/amdgpu_drm.h
  HDRINST usr/include/drm/armada_drm.h
  DTC     arch/arm64/boot/dts/vendor/qcom/yupikp-iot.dtb
  HDRINST usr/include/drm/drm.h
  DTC     arch/arm64/boot/dts/vendor/qcom/zijin-sm7325-overlay.dtbo
  HDRINST usr/include/drm/drm_fourcc.h
  HDRINST usr/include/drm/drm_mode.h
  HDRINST usr/include/drm/drm_sarea.h
  HDRINST usr/include/drm/etnaviv_drm.h
  HDRINST usr/include/drm/exynos_drm.h
  DTC     arch/arm64/boot/dts/vendor/qcom/cetus-sm8350-overlay.dtbo
  DTC     arch/arm64/boot/dts/vendor/qcom/haydn-sm8350-overlay.dtbo
  HDRINST usr/include/drm/i810_drm.h
  HDRINST usr/include/drm/i915_drm.h
  HDRINST usr/include/drm/lima_drm.h
  DTC     arch/arm64/boot/dts/vendor/qcom/katmai-fp2-hsp-overlay.dtbo
  HDRINST usr/include/drm/mga_drm.h
  HDRINST usr/include/drm/msm_drm.h
  HDRINST usr/include/drm/nouveau_drm.h
  HDRINST usr/include/drm/omap_drm.h
  DTC     arch/arm64/boot/dts/vendor/qcom/katmai-fp2-hsp-pm7250b-overlay.dtbo
  HDRINST usr/include/drm/panfrost_drm.h
  DTC     arch/arm64/boot/dts/vendor/qcom/katmai-hsp-overlay.dtbo
  DTC     arch/arm64/boot/dts/vendor/qcom/katmai-hsp-pm7250b-overlay.dtbo
  HDRINST usr/include/drm/qxl_drm.h
  DTC     arch/arm64/boot/dts/vendor/qcom/katmaip-fp2-hsp-overlay.dtbo
  HDRINST usr/include/drm/r128_drm.h
  HDRINST usr/include/drm/radeon_drm.h
  DTC     arch/arm64/boot/dts/vendor/qcom/katmaip-fp2-hsp-pm7250b-overlay.dtbo
  DTC     arch/arm64/boot/dts/vendor/qcom/katmaip-hsp-overlay.dtbo
  HDRINST usr/include/drm/savage_drm.h
  HDRINST usr/include/drm/sis_drm.h
  HDRINST usr/include/drm/tegra_drm.h
  DTC     arch/arm64/boot/dts/vendor/qcom/katmaip-hsp-pm7250b-overlay.dtbo
  HDRINST usr/include/drm/v3d_drm.h
  DTC     arch/arm64/boot/dts/vendor/qcom/lahaina-atp-overlay.dtbo
  HDRINST usr/include/drm/vc4_drm.h
  UPD     include/generated/asm-offsets.h
  CALL    ../scripts/checksyscalls.sh
  DTC     arch/arm64/boot/dts/vendor/qcom/lahaina-cdp-hsp-pro-overlay.dtbo
  HDRINST usr/include/drm/vgem_drm.h
  HDRINST usr/include/drm/via_drm.h
  DTC     arch/arm64/boot/dts/vendor/qcom/lahaina-cdp-overlay.dtbo
  HDRINST usr/include/drm/virtgpu_drm.h
  DTC     arch/arm64/boot/dts/vendor/qcom/lahaina-cdp-v2.2-overlay.dtbo
  HDRINST usr/include/drm/vmwgfx_drm.h
  DTC     arch/arm64/boot/dts/vendor/qcom/lahaina-hdk-overlay.dtbo
  HDRINST usr/include/linux/acct.h
  DTC     arch/arm64/boot/dts/vendor/qcom/lahaina-hhg-overlay.dtbo
  HDRINST usr/include/linux/adb.h
  HDRINST usr/include/linux/adfs_fs.h
  HDRINST usr/include/linux/affs_hardblocks.h
  DTC     arch/arm64/boot/dts/vendor/qcom/lahaina-mtp-hsp-pro-overlay.dtbo
  HDRINST usr/include/linux/agpgart.h
  HDRINST usr/include/linux/aio_abi.h
  DTC     arch/arm64/boot/dts/vendor/qcom/lahaina-mtp-overlay.dtbo
  HDRINST usr/include/linux/am437x-vpfe.h
  DTC     arch/arm64/boot/dts/vendor/qcom/lahaina-mtp-v2-overlay.dtbo
  DTC     arch/arm64/boot/dts/vendor/qcom/lahaina-mtp-v2.1-overlay.dtbo
  HDRINST usr/include/linux/android/binder.h
  DTC     arch/arm64/boot/dts/vendor/qcom/lahaina-qrd-hsp-pro-overlay.dtbo
  HDRINST usr/include/linux/android/binderfs.h
  DTC     arch/arm64/boot/dts/vendor/qcom/lahaina-qrd-module-overlay.dtbo
  HDRINST usr/include/linux/apm_bios.h
  HDRINST usr/include/linux/arcfb.h
  DTC     arch/arm64/boot/dts/vendor/qcom/lahaina-qrd-overlay.dtbo
  HDRINST usr/include/linux/arm_sdei.h
  HDRINST usr/include/linux/aspeed-lpc-ctrl.h
  DTC     arch/arm64/boot/dts/vendor/qcom/lahainap-atp-overlay.dtbo
  HDRINST usr/include/linux/aspeed-p2a-ctrl.h
  HDRINST usr/include/linux/atalk.h
  HDRINST usr/include/linux/atm.h
  DTC     arch/arm64/boot/dts/vendor/qcom/lahainap-cdp-overlay.dtbo
  HDRINST usr/include/linux/atm_eni.h
  DTC     arch/arm64/boot/dts/vendor/qcom/lahainap-hhg-hsp-pro-overlay.dtbo
  HDRINST usr/include/linux/atm_he.h
  DTC     arch/arm64/boot/dts/vendor/qcom/lahainap-mtp-overlay.dtbo
  DTC     arch/arm64/boot/dts/vendor/qcom/lahainap-qrd-overlay.dtbo
  HDRINST usr/include/linux/atm_idt77105.h
  HDRINST usr/include/linux/atm_nicstar.h
  DTC     arch/arm64/boot/dts/vendor/qcom/lisa-sm7325-overlay.dtbo
  DTC     arch/arm64/boot/dts/vendor/qcom/mona-sm7325-overlay.dtbo
  HDRINST usr/include/linux/atm_tcp.h
  HDRINST usr/include/linux/atm_zatm.h
  DTC     arch/arm64/boot/dts/vendor/qcom/redwood-sm7325-overlay.dtbo
  HDRINST usr/include/linux/atmapi.h
  HDRINST usr/include/linux/atmarp.h
  HDRINST usr/include/linux/atmbr2684.h
  DTC     arch/arm64/boot/dts/vendor/qcom/renoir-sm7350-overlay.dtbo
  HDRINST usr/include/linux/atmclip.h
  DTC     arch/arm64/boot/dts/vendor/qcom/shima-atp-overlay.dtbo
  HDRINST usr/include/linux/atmdev.h
  DTC     arch/arm64/boot/dts/vendor/qcom/shima-idp-120fps-overlay.dtbo
  HDRINST usr/include/linux/atmioc.h
  DTC     arch/arm64/boot/dts/vendor/qcom/shima-idp-overlay.dtbo
  DTC     arch/arm64/boot/dts/vendor/qcom/shima-idps-digital-mics-120fps-overlay.dtbo
  HDRINST usr/include/linux/atmlec.h
  HDRINST usr/include/linux/atmmpc.h
  DTC     arch/arm64/boot/dts/vendor/qcom/shima-idps-digital-mics-overlay.dtbo
  DTC     arch/arm64/boot/dts/vendor/qcom/shima-qrd-overlay.dtbo
  HDRINST usr/include/linux/atmppp.h
  DTC     arch/arm64/boot/dts/vendor/qcom/shima-rumi-overlay.dtbo
  HDRINST usr/include/linux/atmsap.h
  HDRINST usr/include/linux/atmsvc.h
  DTC     arch/arm64/boot/dts/vendor/qcom/taoyao-sm7325-overlay.dtbo
  DTC     arch/arm64/boot/dts/vendor/qcom/yupik-atp-overlay.dtbo
  HDRINST usr/include/linux/audit.h
  DTC     arch/arm64/boot/dts/vendor/qcom/yupik-idp-hsp-overlay.dtbo
  HDRINST usr/include/linux/auto_dev-ioctl.h
  DTC     arch/arm64/boot/dts/vendor/qcom/yupik-idp-overlay.dtbo
  HDRINST usr/include/linux/auto_fs.h
  HDRINST usr/include/linux/auto_fs4.h
  DTC     arch/arm64/boot/dts/vendor/qcom/yupik-idp-pm7250b-overlay.dtbo
  HDRINST usr/include/linux/auxvec.h
  DTC     arch/arm64/boot/dts/vendor/qcom/yupik-idps-amoled-overlay.dtbo
  DTC     arch/arm64/boot/dts/vendor/qcom/yupik-iot-hsp-overlay.dtbo
  HDRINST usr/include/linux/ax25.h
  HDRINST usr/include/linux/b1lli.h
  HDRINST usr/include/linux/batadv_packet.h
  DTC     arch/arm64/boot/dts/vendor/qcom/yupik-iot-hsp-pm7250b-overlay.dtbo
  DTC     arch/arm64/boot/dts/vendor/qcom/yupik-iot-idp-overlay.dtbo
  HDRINST usr/include/linux/batman_adv.h
  DTC     arch/arm64/boot/dts/vendor/qcom/yupik-iot-idp-pm7250b-overlay.dtbo
  HDRINST usr/include/linux/baycom.h
  HDRINST usr/include/linux/bcache.h
  DTC     arch/arm64/boot/dts/vendor/qcom/yupik-iot-idps-amoled-overlay.dtbo
  HDRINST usr/include/linux/bcm933xx_hcs.h
  DTC     arch/arm64/boot/dts/vendor/qcom/yupik-iot-qrd-overlay.dtbo
  HDRINST usr/include/linux/bfs_fs.h
  DTC     arch/arm64/boot/dts/vendor/qcom/yupikp-atp-overlay.dtbo
  DTC     arch/arm64/boot/dts/vendor/qcom/yupikp-idp-hsp-overlay.dtbo
  HDRINST usr/include/linux/binfmts.h
  HDRINST usr/include/linux/blkpg.h
  DTC     arch/arm64/boot/dts/vendor/qcom/yupikp-idp-overlay.dtbo
  HDRINST usr/include/linux/blktrace_api.h
  DTC     arch/arm64/boot/dts/vendor/qcom/yupikp-idps-amoled-overlay.dtbo
  HDRINST usr/include/linux/blkzoned.h
  DTC     arch/arm64/boot/dts/vendor/qcom/yupikp-iot-hsp-overlay.dtbo
  HDRINST usr/include/linux/bpf.h
  DTC     arch/arm64/boot/dts/vendor/qcom/yupikp-iot-hsp-pm7250b-overlay.dtbo
  HDRINST usr/include/linux/bpf_common.h
  HDRINST usr/include/linux/bpf_perf_event.h
  DTC     arch/arm64/boot/dts/vendor/qcom/yupikp-iot-idp-overlay.dtbo
  HDRINST usr/include/linux/bpfilter.h
  DTC     arch/arm64/boot/dts/vendor/qcom/yupikp-iot-idp-pm7250b-overlay.dtbo
  HDRINST usr/include/linux/bpqether.h
  DTC     arch/arm64/boot/dts/vendor/qcom/yupikp-iot-idps-amoled-overlay.dtbo
  HDRINST usr/include/linux/bsg.h
  HDRINST usr/include/linux/bt-bmc.h
  DTC     arch/arm64/boot/dts/vendor/qcom/yupikp-iot-qrd-overlay.dtbo
  HDRINST usr/include/linux/btf.h
  HDRINST usr/include/linux/btrfs.h
  DTC     arch/arm64/boot/dts/vendor/qcom/yupikp-qrd-overlay.dtbo
  HDRINST usr/include/linux/btrfs_tree.h
  HDRINST usr/include/linux/byteorder/big_endian.h
  HDRINST usr/include/linux/byteorder/little_endian.h
  HDRINST usr/include/linux/caif/caif_socket.h
  HDRINST usr/include/linux/caif/if_caif.h
  HDRINST usr/include/linux/can.h
  HDRINST usr/include/linux/can/bcm.h
  HDRINST usr/include/linux/can/error.h
  HDRINST usr/include/linux/can/gw.h
  HDRINST usr/include/linux/can/j1939.h
  HDRINST usr/include/linux/can/netlink.h
  HDRINST usr/include/linux/can/raw.h
  HDRINST usr/include/linux/can/vxcan.h
  HDRINST usr/include/linux/capability.h
  HDRINST usr/include/linux/capi.h
  HDRINST usr/include/linux/cciss_defs.h
  HDRINST usr/include/linux/cciss_ioctl.h
  HDRINST usr/include/linux/cdrom.h
  HDRINST usr/include/linux/cec-funcs.h
  HDRINST usr/include/linux/cec.h
  HDRINST usr/include/linux/cgroupstats.h
  HDRINST usr/include/linux/chio.h
  HDRINST usr/include/linux/cifs/cifs_mount.h
  HDRINST usr/include/linux/cm4000_cs.h
  HDRINST usr/include/linux/cn_proc.h
  HDRINST usr/include/linux/coda.h
  HDRINST usr/include/linux/coff.h
  HDRINST usr/include/linux/connector.h
  HDRINST usr/include/linux/const.h
  HDRINST usr/include/linux/coresight-stm.h
  HDRINST usr/include/linux/cramfs_fs.h
  HDRINST usr/include/linux/cryptouser.h
  HDRINST usr/include/linux/cuda.h
  HDRINST usr/include/linux/cyclades.h
  HDRINST usr/include/linux/cycx_cfm.h
  HDRINST usr/include/linux/dcbnl.h
  HDRINST usr/include/linux/dccp.h
  HDRINST usr/include/linux/devlink.h
  HDRINST usr/include/linux/dlm.h
  HDRINST usr/include/linux/dlm_device.h
  HDRINST usr/include/linux/dlm_netlink.h
  HDRINST usr/include/linux/dlm_plock.h
  HDRINST usr/include/linux/dlmconstants.h
  HDRINST usr/include/linux/dm-ioctl.h
  HDRINST usr/include/linux/dm-log-userspace.h
  HDRINST usr/include/linux/dma-buf.h
  HDRINST usr/include/linux/dns_resolver.h
  HDRINST usr/include/linux/dqblk_xfs.h
  HDRINST usr/include/linux/dvb/audio.h
  HDRINST usr/include/linux/dvb/ca.h
  HDRINST usr/include/linux/dvb/dmx.h
  HDRINST usr/include/linux/dvb/frontend.h
  HDRINST usr/include/linux/dvb/net.h
  HDRINST usr/include/linux/dvb/osd.h
  HDRINST usr/include/linux/dvb/version.h
  HDRINST usr/include/linux/dvb/video.h
  HDRINST usr/include/linux/eavb_shared.h
  HDRINST usr/include/linux/edd.h
  HDRINST usr/include/linux/efs_fs_sb.h
  HDRINST usr/include/linux/elf-em.h
  HDRINST usr/include/linux/elf-fdpic.h
  HDRINST usr/include/linux/elf.h
  HDRINST usr/include/linux/elfcore.h
  HDRINST usr/include/linux/errno.h
  HDRINST usr/include/linux/errqueue.h
  HDRINST usr/include/linux/erspan.h
  HDRINST usr/include/linux/esoc_ctrl.h
  HDRINST usr/include/linux/ethtool.h
  HDRINST usr/include/linux/eventpoll.h
  HDRINST usr/include/linux/fadvise.h
  HDRINST usr/include/linux/falloc.h
  HDRINST usr/include/linux/fanotify.h
  HDRINST usr/include/linux/fb.h
  HDRINST usr/include/linux/fcntl.h
  HDRINST usr/include/linux/fd.h
  HDRINST usr/include/linux/fdreg.h
  HDRINST usr/include/linux/fib_rules.h
  HDRINST usr/include/linux/fiemap.h
  HDRINST usr/include/linux/filter.h
  HDRINST usr/include/linux/fips_status.h
  HDRINST usr/include/linux/firewire-cdev.h
  HDRINST usr/include/linux/firewire-constants.h
  HDRINST usr/include/linux/fou.h
  HDRINST usr/include/linux/fpga-dfl.h
  HDRINST usr/include/linux/fs.h
  HDRINST usr/include/linux/fscrypt.h
  HDRINST usr/include/linux/fsi.h
  HDRINST usr/include/linux/fsl_hypervisor.h
  HDRINST usr/include/linux/fsmap.h
  HDRINST usr/include/linux/fsverity.h
  HDRINST usr/include/linux/fuse.h
  HDRINST usr/include/linux/futex.h
  HDRINST usr/include/linux/gameport.h
  HDRINST usr/include/linux/gen_stats.h
  HDRINST usr/include/linux/genetlink.h
  HDRINST usr/include/linux/genwqe/genwqe_card.h
  HDRINST usr/include/linux/gfs2_ondisk.h
  HDRINST usr/include/linux/gigaset_dev.h
  HDRINST usr/include/linux/gpio.h
  HDRINST usr/include/linux/gsmmux.h
  HDRINST usr/include/linux/gtp.h
  HDRINST usr/include/linux/hab_ioctl.h
  HDRINST usr/include/linux/habmmid.h
  HDRINST usr/include/linux/hash_info.h
  HDRINST usr/include/linux/hdlc.h
  HDRINST usr/include/linux/hdlc/ioctl.h
  HDRINST usr/include/linux/hdlcdrv.h
  HDRINST usr/include/linux/hdreg.h
  HDRINST usr/include/linux/hgsl.h
  HDRINST usr/include/linux/hid.h
  HDRINST usr/include/linux/hiddev.h
  HDRINST usr/include/linux/hidraw.h
  HDRINST usr/include/linux/hpet.h
  HDRINST usr/include/linux/hsi/cs-protocol.h
  HDRINST usr/include/linux/hsi/hsi_char.h
  HDRINST usr/include/linux/hsr_netlink.h
  HDRINST usr/include/linux/hw_breakpoint.h
  HDRINST usr/include/linux/hyperv.h
  HDRINST usr/include/linux/hysdn_if.h
  HDRINST usr/include/linux/i2c-dev.h
  HDRINST usr/include/linux/i2c.h
  HDRINST usr/include/linux/i2o-dev.h
  HDRINST usr/include/linux/i8k.h
  HDRINST usr/include/linux/icmp.h
  HDRINST usr/include/linux/icmpv6.h
  HDRINST usr/include/linux/if.h
  HDRINST usr/include/linux/if_addr.h
  HDRINST usr/include/linux/if_addrlabel.h
  HDRINST usr/include/linux/if_alg.h
  HDRINST usr/include/linux/if_arcnet.h
  HDRINST usr/include/linux/if_arp.h
  HDRINST usr/include/linux/if_bonding.h
  HDRINST usr/include/linux/if_bridge.h
  HDRINST usr/include/linux/if_cablemodem.h
  HDRINST usr/include/linux/if_eql.h
  HDRINST usr/include/linux/if_ether.h
  HDRINST usr/include/linux/if_fc.h
  HDRINST usr/include/linux/if_fddi.h
  HDRINST usr/include/linux/if_hippi.h
  HDRINST usr/include/linux/if_frad.h
  HDRINST usr/include/linux/if_infiniband.h
  HDRINST usr/include/linux/if_link.h
  HDRINST usr/include/linux/if_ltalk.h
  HDRINST usr/include/linux/if_macsec.h
  HDRINST usr/include/linux/if_packet.h
  HDRINST usr/include/linux/if_phonet.h
  HDRINST usr/include/linux/if_plip.h
  HDRINST usr/include/linux/if_ppp.h
  HDRINST usr/include/linux/if_pppol2tp.h
  HDRINST usr/include/linux/if_pppox.h
  HDRINST usr/include/linux/if_slip.h
  HDRINST usr/include/linux/if_team.h
  HDRINST usr/include/linux/if_tun.h
  HDRINST usr/include/linux/if_tunnel.h
  HDRINST usr/include/linux/if_vlan.h
  HDRINST usr/include/linux/if_x25.h
  HDRINST usr/include/linux/if_xdp.h
  HDRINST usr/include/linux/ife.h
  HDRINST usr/include/linux/igmp.h
  HDRINST usr/include/linux/iio/events.h
  HDRINST usr/include/linux/iio/types.h
  HDRINST usr/include/linux/ila.h
  HDRINST usr/include/linux/in.h
  HDRINST usr/include/linux/in6.h
  HDRINST usr/include/linux/in_route.h
  HDRINST usr/include/linux/incrementalfs.h
  HDRINST usr/include/linux/inet_diag.h
  HDRINST usr/include/linux/inotify.h
  HDRINST usr/include/linux/input-event-codes.h
  HDRINST usr/include/linux/ip.h
  HDRINST usr/include/linux/ip6_tunnel.h
  HDRINST usr/include/linux/ipmi.h
  HDRINST usr/include/linux/ipmi_bmc.h
  HDRINST usr/include/linux/ipv6.h
  HDRINST usr/include/linux/irqnr.h
  HDRINST usr/include/linux/ivtvfb.h
  HDRINST usr/include/linux/joystick.h
  HDRINST usr/include/linux/kcm.h
  HDRINST usr/include/linux/kcmp.h
  HDRINST usr/include/linux/kernel.h
  HDRINST usr/include/linux/kernelcapi.h
  HDRINST usr/include/linux/kexec.h
  HDRINST usr/include/linux/keyboard.h
  HDRINST usr/include/linux/kvm_para.h
  HDRINST usr/include/linux/l2tp.h
  HDRINST usr/include/linux/lightnvm.h
  HDRINST usr/include/linux/llc.h
  HDRINST usr/include/linux/loop.h
  HDRINST usr/include/linux/lwtunnel.h
  HDRINST usr/include/linux/magic.h
  HDRINST usr/include/linux/map_to_7segment.h
  HDRINST usr/include/linux/matroxfb.h
  HDRINST usr/include/linux/mempolicy.h
  HDRINST usr/include/linux/meye.h
  HDRINST usr/include/linux/mic_common.h
  HDRINST usr/include/linux/minix_fs.h
  HDRINST usr/include/linux/mman.h
  HDRINST usr/include/linux/mmc/ioctl.h
  HDRINST usr/include/linux/module.h
  HDRINST usr/include/linux/mount.h
  HDRINST usr/include/linux/mqueue.h
  HDRINST usr/include/linux/mroute6.h
  HDRINST usr/include/linux/msdos_fs.h
  HDRINST usr/include/linux/msm_dsps.h
  HDRINST usr/include/linux/msm_ion_ids.h
  HDRINST usr/include/linux/msm_kgsl.h
  HDRINST usr/include/linux/msm_npu.h
  HDRINST usr/include/linux/msm_rmnet.h
  HDRINST usr/include/linux/mtio.h
  HDRINST usr/include/linux/nbd.h
  HDRINST usr/include/linux/ndctl.h
  HDRINST usr/include/linux/net.h
  HDRINST usr/include/linux/net_dropmon.h
  HDRINST usr/include/linux/net_namespace.h
  HDRINST usr/include/linux/net_tstamp.h
  HDRINST usr/include/linux/netconf.h
  HDRINST usr/include/linux/netfilter.h
  HDRINST usr/include/linux/netfilter/ipset/ip_set.h
  HDRINST usr/include/linux/netfilter/ipset/ip_set_bitmap.h
  HDRINST usr/include/linux/netfilter/ipset/ip_set_hash.h
  HDRINST usr/include/linux/netfilter/ipset/ip_set_list.h
  HDRINST usr/include/linux/netfilter/nf_conntrack_common.h
  HDRINST usr/include/linux/netfilter/nf_conntrack_ftp.h
  HDRINST usr/include/linux/netfilter/nf_conntrack_sctp.h
  HDRINST usr/include/linux/netfilter/nf_conntrack_tcp.h
  HDRINST usr/include/linux/netfilter/nf_conntrack_tuple_common.h
  HDRINST usr/include/linux/netfilter/nf_log.h
  HDRINST usr/include/linux/netfilter/nf_nat.h
  HDRINST usr/include/linux/netfilter/nf_synproxy.h
  HDRINST usr/include/linux/netfilter/nf_tables.h
  HDRINST usr/include/linux/netfilter/nf_tables_compat.h
  HDRINST usr/include/linux/netfilter/nfnetlink.h
  HDRINST usr/include/linux/netfilter/nfnetlink_acct.h
  HDRINST usr/include/linux/netfilter/nfnetlink_compat.h
  HDRINST usr/include/linux/netfilter/nfnetlink_conntrack.h
  HDRINST usr/include/linux/netfilter/nfnetlink_cthelper.h
  HDRINST usr/include/linux/netfilter/nfnetlink_cttimeout.h
  HDRINST usr/include/linux/netfilter/nfnetlink_log.h
  HDRINST usr/include/linux/netfilter/nfnetlink_osf.h
  HDRINST usr/include/linux/netfilter/nfnetlink_queue.h
  HDRINST usr/include/linux/netfilter/x_tables.h
  HDRINST usr/include/linux/netfilter/xt_AUDIT.h
  HDRINST usr/include/linux/netfilter/xt_CHECKSUM.h
  HDRINST usr/include/linux/netfilter/xt_CLASSIFY.h
  HDRINST usr/include/linux/netfilter/xt_CONNMARK.h
  HDRINST usr/include/linux/netfilter/xt_CONNSECMARK.h
  HDRINST usr/include/linux/netfilter/xt_CT.h
  HDRINST usr/include/linux/netfilter/xt_DSCP.h
  HDRINST usr/include/linux/netfilter/xt_HMARK.h
  HDRINST usr/include/linux/netfilter/xt_IDLETIMER.h
  HDRINST usr/include/linux/netfilter/xt_LED.h
  HDRINST usr/include/linux/netfilter/xt_LOG.h
  HDRINST usr/include/linux/netfilter/xt_MARK.h
  HDRINST usr/include/linux/netfilter/xt_NFLOG.h
  HDRINST usr/include/linux/netfilter/xt_NFQUEUE.h
  HDRINST usr/include/linux/netfilter/xt_RATEEST.h
  HDRINST usr/include/linux/netfilter/xt_SECMARK.h
  HDRINST usr/include/linux/netfilter/xt_SYNPROXY.h
  HDRINST usr/include/linux/netfilter/xt_TCPMSS.h
  HDRINST usr/include/linux/netfilter/xt_TCPOPTSTRIP.h
  HDRINST usr/include/linux/netfilter/xt_TEE.h
  HDRINST usr/include/linux/netfilter/xt_TPROXY.h
  HDRINST usr/include/linux/netfilter/xt_addrtype.h
  HDRINST usr/include/linux/netfilter/xt_bpf.h
  HDRINST usr/include/linux/netfilter/xt_cgroup.h
  HDRINST usr/include/linux/netfilter/xt_cluster.h
  HDRINST usr/include/linux/netfilter/xt_comment.h
  HDRINST usr/include/linux/netfilter/xt_connbytes.h
  HDRINST usr/include/linux/netfilter/xt_connlabel.h
  HDRINST usr/include/linux/netfilter/xt_connlimit.h
  HDRINST usr/include/linux/netfilter/xt_connmark.h
  HDRINST usr/include/linux/netfilter/xt_conntrack.h
  HDRINST usr/include/linux/netfilter/xt_cpu.h
  HDRINST usr/include/linux/netfilter/xt_dccp.h
  HDRINST usr/include/linux/netfilter/xt_devgroup.h
  HDRINST usr/include/linux/netfilter/xt_dscp.h
  HDRINST usr/include/linux/netfilter/xt_ecn.h
  HDRINST usr/include/linux/netfilter/xt_esp.h
  HDRINST usr/include/linux/netfilter/xt_hashlimit.h
  HDRINST usr/include/linux/netfilter/xt_helper.h
  HDRINST usr/include/linux/netfilter/xt_ipcomp.h
  HDRINST usr/include/linux/netfilter/xt_iprange.h
  HDRINST usr/include/linux/netfilter/xt_ipvs.h
  HDRINST usr/include/linux/netfilter/xt_l2tp.h
  HDRINST usr/include/linux/netfilter/xt_length.h
  HDRINST usr/include/linux/netfilter/xt_limit.h
  HDRINST usr/include/linux/netfilter/xt_mac.h
  HDRINST usr/include/linux/netfilter/xt_mark.h
  HDRINST usr/include/linux/netfilter/xt_multiport.h
  HDRINST usr/include/linux/netfilter/xt_nfacct.h
  HDRINST usr/include/linux/netfilter/xt_osf.h
  HDRINST usr/include/linux/netfilter/xt_owner.h
  HDRINST usr/include/linux/netfilter/xt_physdev.h
  HDRINST usr/include/linux/netfilter/xt_pkttype.h
  HDRINST usr/include/linux/netfilter/xt_policy.h
  HDRINST usr/include/linux/netfilter/xt_quota.h
  HDRINST usr/include/linux/netfilter/xt_rateest.h
  HDRINST usr/include/linux/netfilter/xt_realm.h
  HDRINST usr/include/linux/netfilter/xt_recent.h
  HDRINST usr/include/linux/netfilter/xt_rpfilter.h
  HDRINST usr/include/linux/netfilter/xt_sctp.h
  HDRINST usr/include/linux/netfilter/xt_set.h
  HDRINST usr/include/linux/netfilter/xt_socket.h
  HDRINST usr/include/linux/netfilter/xt_state.h
  HDRINST usr/include/linux/netfilter/xt_statistic.h
  HDRINST usr/include/linux/netfilter/xt_string.h
  HDRINST usr/include/linux/netfilter/xt_tcpmss.h
  HDRINST usr/include/linux/netfilter/xt_tcpudp.h
  HDRINST usr/include/linux/netfilter/xt_time.h
  HDRINST usr/include/linux/netfilter/xt_u32.h
  HDRINST usr/include/linux/netfilter_arp/arp_tables.h
  HDRINST usr/include/linux/netfilter_arp/arpt_mangle.h
  HDRINST usr/include/linux/netfilter_bridge/ebt_802_3.h
  HDRINST usr/include/linux/netfilter_bridge/ebt_among.h
  HDRINST usr/include/linux/netfilter_bridge/ebt_arp.h
  HDRINST usr/include/linux/netfilter_bridge/ebt_arpreply.h
  HDRINST usr/include/linux/netfilter_bridge/ebt_ip.h
  HDRINST usr/include/linux/netfilter_bridge/ebt_ip6.h
  HDRINST usr/include/linux/netfilter_bridge/ebt_limit.h
  HDRINST usr/include/linux/netfilter_bridge/ebt_log.h
  HDRINST usr/include/linux/netfilter_bridge/ebt_mark_m.h
  HDRINST usr/include/linux/netfilter_bridge/ebt_mark_t.h
  HDRINST usr/include/linux/netfilter_bridge/ebt_nat.h
  HDRINST usr/include/linux/netfilter_bridge/ebt_nflog.h
  HDRINST usr/include/linux/netfilter_bridge/ebt_pkttype.h
  HDRINST usr/include/linux/netfilter_bridge/ebt_redirect.h
  HDRINST usr/include/linux/netfilter_bridge/ebt_stp.h
  HDRINST usr/include/linux/netfilter_bridge/ebt_vlan.h
  HDRINST usr/include/linux/netfilter_bridge/ebtables.h
  HDRINST usr/include/linux/netfilter_ipv6.h
  HDRINST usr/include/linux/netfilter_ipv6/ip6_tables.h
  HDRINST usr/include/linux/netfilter_ipv6/ip6t_HL.h
  HDRINST usr/include/linux/netfilter_ipv6/ip6t_LOG.h
  HDRINST usr/include/linux/netfilter_ipv6/ip6t_NPT.h
  HDRINST usr/include/linux/netfilter_ipv6/ip6t_REJECT.h
  HDRINST usr/include/linux/netfilter_ipv6/ip6t_ah.h
  HDRINST usr/include/linux/netfilter_ipv6/ip6t_frag.h
  HDRINST usr/include/linux/netfilter_ipv6/ip6t_hl.h
  HDRINST usr/include/linux/netfilter_ipv6/ip6t_ipv6header.h
  HDRINST usr/include/linux/netfilter_ipv6/ip6t_mh.h
  HDRINST usr/include/linux/netfilter_ipv6/ip6t_opts.h
  HDRINST usr/include/linux/netfilter_ipv6/ip6t_rt.h
  HDRINST usr/include/linux/netfilter_ipv6/ip6t_srh.h
  HDRINST usr/include/linux/netlink.h
  HDRINST usr/include/linux/netlink_diag.h
  HDRINST usr/include/linux/nfc.h
  HDRINST usr/include/linux/nfc/nfcinfo.h
  HDRINST usr/include/linux/nfs4.h
  HDRINST usr/include/linux/nfs_mount.h
  HDRINST usr/include/linux/nfsd/cld.h
  HDRINST usr/include/linux/nfsd/debug.h
  HDRINST usr/include/linux/nfsd/export.h
  HDRINST usr/include/linux/nfsd/nfsfh.h
  HDRINST usr/include/linux/nfsd/stats.h
  HDRINST usr/include/linux/nilfs2_api.h
  HDRINST usr/include/linux/nilfs2_ondisk.h
  HDRINST usr/include/linux/nl80211.h
  HDRINST usr/include/linux/nsfs.h
  HDRINST usr/include/linux/nubus.h
  HDRINST usr/include/linux/nvme_ioctl.h
  HDRINST usr/include/linux/nvram.h
  HDRINST usr/include/linux/oom.h
  HDRINST usr/include/linux/openvswitch.h
  HDRINST usr/include/linux/param.h
  HDRINST usr/include/linux/parport.h
  HDRINST usr/include/linux/patchkey.h
  HDRINST usr/include/linux/pcitest.h
  HDRINST usr/include/linux/perf_event.h
  HDRINST usr/include/linux/personality.h
  HDRINST usr/include/linux/pfkeyv2.h
  HDRINST usr/include/linux/pkt_cls.h
  HDRINST usr/include/linux/pmu.h
  HDRINST usr/include/linux/poll.h
  HDRINST usr/include/linux/posix_acl_xattr.h
  HDRINST usr/include/linux/ppdev.h
  HDRINST usr/include/linux/ppp-comp.h
  HDRINST usr/include/linux/ppp-ioctl.h
  HDRINST usr/include/linux/ppp_defs.h
  HDRINST usr/include/linux/pr.h
  HDRINST usr/include/linux/prctl.h
  HDRINST usr/include/linux/psci.h
  HDRINST usr/include/linux/ptp_clock.h
  HDRINST usr/include/linux/qbg-profile.h
  HDRINST usr/include/linux/qbg.h
  HDRINST usr/include/linux/qcedev.h
  HDRINST usr/include/linux/qnxtypes.h
  HDRINST usr/include/linux/qseecom.h
  HDRINST usr/include/linux/raw.h
  HDRINST usr/include/linux/reboot.h
  HDRINST usr/include/linux/reiserfs_xattr.h
  HDRINST usr/include/linux/rio_cm_cdev.h
  HDRINST usr/include/linux/rio_mport_cdev.h
  HDRINST usr/include/linux/rpmsg.h
  HDRINST usr/include/linux/rtc.h
  HDRINST usr/include/linux/rtnetlink.h
  HDRINST usr/include/linux/sched.h
  HDRINST usr/include/linux/scif_ioctl.h
  HDRINST usr/include/linux/screen_info.h
  HDRINST usr/include/linux/seccomp.h
  HDRINST usr/include/linux/securebits.h
  HDRINST usr/include/linux/sed-opal.h
  HDRINST usr/include/linux/seg6_hmac.h
  HDRINST usr/include/linux/serial_core.h
  HDRINST usr/include/linux/signal.h
  HDRINST usr/include/linux/smc.h
  HDRINST usr/include/linux/smcinvoke.h
  HDRINST usr/include/linux/smiapp.h
  HDRINST usr/include/linux/sonet.h
  HDRINST usr/include/linux/spcom.h
  HDRINST usr/include/linux/spss_utils.h
  HDRINST usr/include/linux/stm.h
  HDRINST usr/include/linux/string.h
  HDRINST usr/include/linux/sunrpc/debug.h
  HDRINST usr/include/linux/suspend_ioctls.h
  HDRINST usr/include/linux/swab.h
  HDRINST usr/include/linux/switchtec_ioctl.h
  HDRINST usr/include/linux/synclink.h
  HDRINST usr/include/linux/sysctl.h
  HDRINST usr/include/linux/taskstats.h
  HDRINST usr/include/linux/tc_act/tc_bpf.h
  HDRINST usr/include/linux/tc_act/tc_connmark.h
  HDRINST usr/include/linux/tc_act/tc_csum.h
  HDRINST usr/include/linux/tc_act/tc_ct.h
  HDRINST usr/include/linux/tc_act/tc_ctinfo.h
  HDRINST usr/include/linux/tc_act/tc_defact.h
  HDRINST usr/include/linux/tc_act/tc_gact.h
  HDRINST usr/include/linux/tc_act/tc_ife.h
  HDRINST usr/include/linux/tc_act/tc_ipt.h
  HDRINST usr/include/linux/tc_act/tc_mirred.h
  HDRINST usr/include/linux/tc_act/tc_mpls.h
  HDRINST usr/include/linux/tc_act/tc_nat.h
  HDRINST usr/include/linux/tc_act/tc_pedit.h
  HDRINST usr/include/linux/tc_act/tc_sample.h
  HDRINST usr/include/linux/tc_act/tc_skbedit.h
  HDRINST usr/include/linux/tc_act/tc_skbmod.h
  HDRINST usr/include/linux/tc_act/tc_tunnel_key.h
  HDRINST usr/include/linux/tc_act/tc_vlan.h
  HDRINST usr/include/linux/tc_ematch/tc_em_cmp.h
  HDRINST usr/include/linux/tc_ematch/tc_em_ipt.h
  HDRINST usr/include/linux/tc_ematch/tc_em_meta.h
  HDRINST usr/include/linux/tc_ematch/tc_em_nbyte.h
  HDRINST usr/include/linux/tc_ematch/tc_em_text.h
  HDRINST usr/include/linux/tcp.h
  HDRINST usr/include/linux/tcp_metrics.h
  HDRINST usr/include/linux/tee.h
  HDRINST usr/include/linux/thermal.h
  HDRINST usr/include/linux/timerfd.h
  HDRINST usr/include/linux/tipc_config.h
  HDRINST usr/include/linux/tipc_sockets_diag.h
  HDRINST usr/include/linux/tls.h
  HDRINST usr/include/linux/toshiba.h
  HDRINST usr/include/linux/types.h
  HDRINST usr/include/linux/udmabuf.h
  HDRINST usr/include/linux/uleds.h
  HDRINST usr/include/linux/un.h
  HDRINST usr/include/linux/unistd.h
  HDRINST usr/include/linux/usbdevice_fs.h
  HDRINST usr/include/linux/userfaultfd.h
  HDRINST usr/include/linux/userio.h
  HDRINST usr/include/linux/utime.h
  HDRINST usr/include/linux/utsname.h
  HDRINST usr/include/linux/uvcvideo.h
  HDRINST usr/include/linux/v4l2-dv-timings.h
  HDRINST usr/include/linux/v4l2-subdev.h
  HDRINST usr/include/linux/vboxguest.h
  HDRINST usr/include/linux/veth.h
  HDRINST usr/include/linux/vfio.h
  HDRINST usr/include/linux/vhost.h
  HDRINST usr/include/linux/videodev2.h
  HDRINST usr/include/linux/virtio_9p.h
  HDRINST usr/include/linux/virtio_balloon.h
  HDRINST usr/include/linux/virtio_blk.h
  HDRINST usr/include/linux/virtio_net.h
  HDRINST usr/include/linux/virtio_pci.h
  HDRINST usr/include/linux/virtio_scsi.h
  HDRINST usr/include/linux/vm_sockets.h
  HDRINST usr/include/linux/vmcore.h
  HDRINST usr/include/linux/vt.h
  HDRINST usr/include/linux/watch_queue.h
  HDRINST usr/include/linux/watchdog.h
  HDRINST usr/include/linux/wireless.h
  HDRINST usr/include/linux/xdp_diag.h
  HDRINST usr/include/linux/xfrm.h
  HDRINST usr/include/linux/xilinx-v4l2-controls.h
  HDRINST usr/include/linux/zorro.h
  HDRINST usr/include/linux/input.h
  HDRINST usr/include/linux/io_uring.h
  HDRINST usr/include/linux/ioctl.h
  HDRINST usr/include/linux/iommu.h
  HDRINST usr/include/linux/ion.h
  HDRINST usr/include/linux/ip_vs.h
  HDRINST usr/include/linux/ipa_qmi_service_v01.h
  HDRINST usr/include/linux/ipc.h
  HDRINST usr/include/linux/ipmi_msgdefs.h
  HDRINST usr/include/linux/ipsec.h
  HDRINST usr/include/linux/ipv6_route.h
  HDRINST usr/include/linux/ipx.h
  HDRINST usr/include/linux/isdn/capicmd.h
  HDRINST usr/include/linux/iso_fs.h
  HDRINST usr/include/linux/ispv2_ioparam.h
  HDRINST usr/include/linux/isst_if.h
  HDRINST usr/include/linux/ivtv.h
  HDRINST usr/include/linux/jffs2.h
  HDRINST usr/include/linux/kcov.h
  HDRINST usr/include/linux/kd.h
  HDRINST usr/include/linux/kdev_t.h
  HDRINST usr/include/linux/kernel-page-flags.h
  HDRINST usr/include/linux/keyctl.h
  HDRINST usr/include/linux/kfd_ioctl.h
  HDRINST usr/include/linux/kvm.h
  HDRINST usr/include/linux/libc-compat.h
  HDRINST usr/include/linux/limits.h
  HDRINST usr/include/linux/lirc.h
  HDRINST usr/include/linux/lp.h
  HDRINST usr/include/linux/major.h
  HDRINST usr/include/linux/max2175.h
  HDRINST usr/include/linux/mdio.h
  HDRINST usr/include/linux/media-bus-format.h
  HDRINST usr/include/linux/media.h
  HDRINST usr/include/linux/mei.h
  HDRINST usr/include/linux/mem-buf.h
  HDRINST usr/include/linux/membarrier.h
  HDRINST usr/include/linux/memfd.h
  HDRINST usr/include/linux/mhi.h
  HDRINST usr/include/linux/mic_ioctl.h
  HDRINST usr/include/linux/mii.h
  HDRINST usr/include/linux/mmtimer.h
  HDRINST usr/include/linux/mpls.h
  HDRINST usr/include/linux/mpls_iptunnel.h
  HDRINST usr/include/linux/mroute.h
  HDRINST usr/include/linux/msg.h
  HDRINST usr/include/linux/msm_geni_serial.h
  HDRINST usr/include/linux/msm_ion.h
  HDRINST usr/include/linux/msm_ipa.h
  HDRINST usr/include/linux/n_r3964.h
  HDRINST usr/include/linux/nbd-netlink.h
  HDRINST usr/include/linux/ncsi.h
  HDRINST usr/include/linux/neighbour.h
  HDRINST usr/include/linux/netdevice.h
  HDRINST usr/include/linux/netfilter_arp.h
  HDRINST usr/include/linux/netfilter_bridge.h
  HDRINST usr/include/linux/netfilter_ipv4.h
  HDRINST usr/include/linux/netfilter_ipv4/ip_tables.h
  HDRINST usr/include/linux/netfilter_ipv4/ipt_CLUSTERIP.h
  HDRINST usr/include/linux/netfilter_ipv4/ipt_ECN.h
  HDRINST usr/include/linux/netfilter_ipv4/ipt_LOG.h
  HDRINST usr/include/linux/netfilter_ipv4/ipt_NATTYPE.h
  HDRINST usr/include/linux/netfilter_ipv4/ipt_REJECT.h
  HDRINST usr/include/linux/netfilter_ipv4/ipt_TRIGGER.h
  HDRINST usr/include/linux/netfilter_ipv4/ipt_TTL.h
  HDRINST usr/include/linux/netfilter_ipv4/ipt_ah.h
  HDRINST usr/include/linux/netfilter_ipv4/ipt_ecn.h
  HDRINST usr/include/linux/netfilter_ipv4/ipt_ttl.h
  HDRINST usr/include/linux/netrom.h
  HDRINST usr/include/linux/nexthop.h
  HDRINST usr/include/linux/nfs.h
  HDRINST usr/include/linux/nfs2.h
  HDRINST usr/include/linux/nfs3.h
  HDRINST usr/include/linux/nfs4_mount.h
  HDRINST usr/include/linux/nfs_fs.h
  HDRINST usr/include/linux/nfs_idmap.h
  HDRINST usr/include/linux/nfsacl.h
  HDRINST usr/include/linux/omap3isp.h
  HDRINST usr/include/linux/omapfb.h
  HDRINST usr/include/linux/packet_diag.h
  HDRINST usr/include/linux/pci.h
  HDRINST usr/include/linux/pci_regs.h
  HDRINST usr/include/linux/pg.h
  HDRINST usr/include/linux/phantom.h
  HDRINST usr/include/linux/phonet.h
  HDRINST usr/include/linux/pkt_sched.h
  HDRINST usr/include/linux/pktcdvd.h
  HDRINST usr/include/linux/posix_acl.h
  HDRINST usr/include/linux/posix_types.h
  HDRINST usr/include/linux/pps.h
  HDRINST usr/include/linux/psample.h
  HDRINST usr/include/linux/psp-sev.h
  HDRINST usr/include/linux/ptrace.h
  HDRINST usr/include/linux/qbt_handler.h
  HDRINST usr/include/linux/qcota.h
  HDRINST usr/include/linux/qemu_fw_cfg.h
  HDRINST usr/include/linux/qg-profile.h
  HDRINST usr/include/linux/qg.h
  HDRINST usr/include/linux/qnx4_fs.h
  HDRINST usr/include/linux/qrng.h
  HDRINST usr/include/linux/qrtr.h
  HDRINST usr/include/linux/quota.h
  HDRINST usr/include/linux/radeonfb.h
  HDRINST usr/include/linux/raid/md_p.h
  HDRINST usr/include/linux/raid/md_u.h
  HDRINST usr/include/linux/random.h
  HDRINST usr/include/linux/rds.h
  HDRINST usr/include/linux/reiserfs_fs.h
  HDRINST usr/include/linux/resource.h
  HDRINST usr/include/linux/rfkill.h
  HDRINST usr/include/linux/rmnet_data.h
  HDRINST usr/include/linux/rmnet_ipa_fd_ioctl.h
  HDRINST usr/include/linux/romfs_fs.h
  HDRINST usr/include/linux/rose.h
  HDRINST usr/include/linux/route.h
  HDRINST usr/include/linux/rseq.h
  HDRINST usr/include/linux/rxrpc.h
  HDRINST usr/include/linux/scc.h
  HDRINST usr/include/linux/sched/types.h
  HDRINST usr/include/linux/sctp.h
  HDRINST usr/include/linux/sdla.h
  HDRINST usr/include/linux/seg6.h
  HDRINST usr/include/linux/seg6_genl.h
  HDRINST usr/include/linux/seg6_iptunnel.h
  HDRINST usr/include/linux/seg6_local.h
  HDRINST usr/include/linux/selinux_netlink.h
  HDRINST usr/include/linux/sem.h
  HDRINST usr/include/linux/serial.h
  HDRINST usr/include/linux/serial_reg.h
  HDRINST usr/include/linux/serio.h
  HDRINST usr/include/linux/shm.h
  HDRINST usr/include/linux/signalfd.h
  HDRINST usr/include/linux/slatecom_interface.h
  HDRINST usr/include/linux/smc_diag.h
  HDRINST usr/include/linux/snmp.h
  HDRINST usr/include/linux/sock_diag.h
  HDRINST usr/include/linux/socket.h
  HDRINST usr/include/linux/sockios.h
  HDRINST usr/include/linux/sonypi.h
  HDRINST usr/include/linux/sound.h
  HDRINST usr/include/linux/soundcard.h
  HDRINST usr/include/linux/spi/spidev.h
  HDRINST usr/include/linux/stat.h
  HDRINST usr/include/linux/stddef.h
  HDRINST usr/include/linux/sync_file.h
  HDRINST usr/include/linux/sysinfo.h
  HDRINST usr/include/linux/sysstats.h
  HDRINST usr/include/linux/target_core_user.h
  HDRINST usr/include/linux/termios.h
  HDRINST usr/include/linux/time.h
  HDRINST usr/include/linux/time_types.h
  HDRINST usr/include/linux/times.h
  HDRINST usr/include/linux/timex.h
  HDRINST usr/include/linux/tiocl.h
  HDRINST usr/include/linux/tipc.h
  HDRINST usr/include/linux/tipc_netlink.h
  HDRINST usr/include/linux/tty.h
  HDRINST usr/include/linux/tty_flags.h
  HDRINST usr/include/linux/udf_fs_i.h
  HDRINST usr/include/linux/udp.h
  HDRINST usr/include/linux/uhid.h
  HDRINST usr/include/linux/uinput.h
  HDRINST usr/include/linux/uio.h
  HDRINST usr/include/linux/ultrasound.h
  HDRINST usr/include/linux/unix_diag.h
  HDRINST usr/include/linux/usb/audio.h
  HDRINST usr/include/linux/usb/cdc-wdm.h
  HDRINST usr/include/linux/usb/cdc.h
  HDRINST usr/include/linux/usb/ch11.h
  HDRINST usr/include/linux/usb/ch9.h
  HDRINST usr/include/linux/usb/charger.h
  HDRINST usr/include/linux/usb/f_accessory.h
  HDRINST usr/include/linux/usb/functionfs.h
  HDRINST usr/include/linux/usb/g_printer.h
  HDRINST usr/include/linux/usb/g_uvc.h
  HDRINST usr/include/linux/usb/gadgetfs.h
  HDRINST usr/include/linux/usb/midi.h
  HDRINST usr/include/linux/usb/raw_gadget.h
  HDRINST usr/include/linux/usb/tmc.h
  HDRINST usr/include/linux/usb/usb_ctrl_qti.h
  HDRINST usr/include/linux/usb/video.h
  HDRINST usr/include/linux/usbip.h
  HDRINST usr/include/linux/uuid.h
  HDRINST usr/include/linux/v4l2-common.h
  HDRINST usr/include/linux/v4l2-controls.h
  HDRINST usr/include/linux/v4l2-mediabus.h
  HDRINST usr/include/linux/vbox_err.h
  HDRINST usr/include/linux/vbox_vmmdev_types.h
  HDRINST usr/include/linux/vfio_ccw.h
  HDRINST usr/include/linux/vhost_types.h
  HDRINST usr/include/linux/virtio_config.h
  HDRINST usr/include/linux/virtio_console.h
  HDRINST usr/include/linux/virtio_crypto.h
  HDRINST usr/include/linux/virtio_fs.h
  HDRINST usr/include/linux/virtio_gpu.h
  HDRINST usr/include/linux/virtio_ids.h
  HDRINST usr/include/linux/virtio_input.h
  HDRINST usr/include/linux/virtio_iommu.h
  HDRINST usr/include/linux/virtio_mmio.h
  HDRINST usr/include/linux/virtio_pmem.h
  HDRINST usr/include/linux/virtio_ring.h
  HDRINST usr/include/linux/virtio_rng.h
  HDRINST usr/include/linux/virtio_types.h
  HDRINST usr/include/linux/virtio_vsock.h
  HDRINST usr/include/linux/vm_sockets_diag.h
  HDRINST usr/include/linux/vsockmon.h
  HDRINST usr/include/linux/vtpm_proxy.h
  HDRINST usr/include/linux/wait.h
  HDRINST usr/include/linux/wil6210_uapi.h
  HDRINST usr/include/linux/wimax.h
  HDRINST usr/include/linux/wimax/i2400m.h
  HDRINST usr/include/linux/wmi.h
  HDRINST usr/include/linux/x25.h
  HDRINST usr/include/linux/xattr.h
  HDRINST usr/include/linux/zorro_ids.h
  HDRINST usr/include/media/msm_cvp_private.h
  HDRINST usr/include/media/radio-iris-commands.h
  HDRINST usr/include/media/synx.h
  HDRINST usr/include/media/radio-iris.h
  HDRINST usr/include/misc/cxl.h
  HDRINST usr/include/misc/fastrpc.h
  HDRINST usr/include/misc/habanalabs.h
  HDRINST usr/include/misc/ocxl.h
  HDRINST usr/include/misc/wigig_sensing_uapi.h
  HDRINST usr/include/misc/xilinx_sdfec.h
  HDRINST usr/include/mtd/inftl-user.h
  HDRINST usr/include/mtd/mtd-abi.h
  HDRINST usr/include/mtd/mtd-user.h
  HDRINST usr/include/mtd/nftl-user.h
  HDRINST usr/include/mtd/ubi-user.h
  HDRINST usr/include/rdma/bnxt_re-abi.h
  HDRINST usr/include/rdma/cxgb3-abi.h
  HDRINST usr/include/rdma/cxgb4-abi.h
  HDRINST usr/include/rdma/efa-abi.h
  HDRINST usr/include/rdma/hfi/hfi1_ioctl.h
  HDRINST usr/include/rdma/hfi/hfi1_user.h
  HDRINST usr/include/rdma/hns-abi.h
  HDRINST usr/include/rdma/i40iw-abi.h
  HDRINST usr/include/rdma/ib_user_ioctl_cmds.h
  HDRINST usr/include/rdma/ib_user_ioctl_verbs.h
  HDRINST usr/include/rdma/ib_user_mad.h
  HDRINST usr/include/rdma/ib_user_sa.h
  HDRINST usr/include/rdma/ib_user_verbs.h
  HDRINST usr/include/rdma/mlx4-abi.h
  HDRINST usr/include/rdma/mlx5-abi.h
  HDRINST usr/include/rdma/mlx5_user_ioctl_cmds.h
  HDRINST usr/include/rdma/mlx5_user_ioctl_verbs.h
  HDRINST usr/include/rdma/mthca-abi.h
  HDRINST usr/include/rdma/ocrdma-abi.h
  HDRINST usr/include/rdma/qedr-abi.h
  HDRINST usr/include/rdma/rdma_netlink.h
  HDRINST usr/include/rdma/rdma_user_cm.h
  HDRINST usr/include/rdma/rdma_user_ioctl.h
  HDRINST usr/include/rdma/rdma_user_ioctl_cmds.h
  HDRINST usr/include/rdma/rdma_user_rxe.h
  HDRINST usr/include/rdma/rvt-abi.h
  HDRINST usr/include/rdma/siw-abi.h
  HDRINST usr/include/rdma/vmw_pvrdma-abi.h
  HDRINST usr/include/scsi/cxlflash_ioctl.h
  HDRINST usr/include/scsi/fc/fc_els.h
  HDRINST usr/include/scsi/fc/fc_fs.h
  HDRINST usr/include/scsi/fc/fc_gs.h
  HDRINST usr/include/scsi/fc/fc_ns.h
  HDRINST usr/include/scsi/scsi_bsg_fc.h
  HDRINST usr/include/scsi/scsi_bsg_ufs.h
  HDRINST usr/include/scsi/scsi_netlink.h
  HDRINST usr/include/scsi/scsi_netlink_fc.h
  HDRINST usr/include/sound/asequencer.h
  HDRINST usr/include/sound/asoc.h
  HDRINST usr/include/sound/asound.h
  HDRINST usr/include/sound/asound_fm.h
  HDRINST usr/include/sound/compress_offload.h
  HDRINST usr/include/sound/compress_params.h
  HDRINST usr/include/sound/emu10k1.h
  HDRINST usr/include/sound/firewire.h
  HDRINST usr/include/sound/hdsp.h
  HDRINST usr/include/sound/hdspm.h
  HDRINST usr/include/sound/sb16_csp.h
  HDRINST usr/include/sound/sfnt_info.h
  HDRINST usr/include/sound/skl-tplg-interface.h
  HDRINST usr/include/sound/snd_sst_tokens.h
  HDRINST usr/include/sound/sof/abi.h
  HDRINST usr/include/sound/sof/fw.h
  HDRINST usr/include/sound/sof/header.h
  HDRINST usr/include/sound/sof/tokens.h
  HDRINST usr/include/sound/tlv.h
  HDRINST usr/include/sound/usb_stream.h
  HDRINST usr/include/video/edid.h
  HDRINST usr/include/video/sisfb.h
  HDRINST usr/include/video/uvesafb.h
  HDRINST usr/include/xen/evtchn.h
  HDRINST usr/include/xen/gntalloc.h
  HDRINST usr/include/xen/gntdev.h
  HDRINST usr/include/xen/privcmd.h
  HDRINST usr/include/linux/version.h
  HDRINST usr/include/asm/auxvec.h
  HDRINST usr/include/asm/bitsperlong.h
  HDRINST usr/include/asm/bpf_perf_event.h
  HDRINST usr/include/asm/byteorder.h
  HDRINST usr/include/asm/fcntl.h
  HDRINST usr/include/asm/hwcap.h
  HDRINST usr/include/asm/kvm.h
  HDRINST usr/include/asm/param.h
  HDRINST usr/include/asm/perf_regs.h
  HDRINST usr/include/asm/posix_types.h
  HDRINST usr/include/asm/ptrace.h
  HDRINST usr/include/asm/setup.h
  HDRINST usr/include/asm/sigcontext.h
  HDRINST usr/include/asm/signal.h
  HDRINST usr/include/asm/statfs.h
  HDRINST usr/include/asm/sve_context.h
  HDRINST usr/include/asm/ucontext.h
  HDRINST usr/include/asm/unistd.h
  HDRINST usr/include/asm/kvm_para.h
  HDRINST usr/include/asm/errno.h
  HDRINST usr/include/asm/ioctl.h
  HDRINST usr/include/asm/ioctls.h
  HDRINST usr/include/asm/ipcbuf.h
  HDRINST usr/include/asm/mman.h
  HDRINST usr/include/asm/msgbuf.h
  HDRINST usr/include/asm/poll.h
  HDRINST usr/include/asm/resource.h
  HDRINST usr/include/asm/sembuf.h
  HDRINST usr/include/asm/shmbuf.h
  HDRINST usr/include/asm/siginfo.h
  HDRINST usr/include/asm/socket.h
  HDRINST usr/include/asm/sockios.h
  HDRINST usr/include/asm/stat.h
  HDRINST usr/include/asm/swab.h
  HDRINST usr/include/asm/termbits.h
  HDRINST usr/include/asm/termios.h
  HDRINST usr/include/asm/types.h
  HDRINST usr/include/audio/linux/avtimer.h
  HDRINST usr/include/audio/linux/mfd/wcd9xxx/wcd9320_registers.h
  HDRINST usr/include/audio/linux/mfd/wcd9xxx/wcd9xxx_registers.h
  HDRINST usr/include/audio/linux/msm_audio.h
  HDRINST usr/include/audio/linux/msm_audio_aac.h
  HDRINST usr/include/audio/linux/msm_audio_ac3.h
  HDRINST usr/include/audio/linux/msm_audio_alac.h
  HDRINST usr/include/audio/linux/msm_audio_amrnb.h
  HDRINST usr/include/audio/linux/msm_audio_amrwb.h
  HDRINST usr/include/audio/linux/msm_audio_amrwbplus.h
  HDRINST usr/include/audio/linux/msm_audio_ape.h
  HDRINST usr/include/audio/linux/msm_audio_ar.h
  HDRINST usr/include/audio/linux/msm_audio_calibration.h
  HDRINST usr/include/audio/linux/msm_audio_g711.h
  HDRINST usr/include/audio/linux/msm_audio_g711_dec.h
  HDRINST usr/include/audio/linux/msm_audio_mvs.h
  HDRINST usr/include/audio/linux/msm_audio_qcp.h
  HDRINST usr/include/audio/linux/msm_audio_sbc.h
  HDRINST usr/include/audio/linux/msm_audio_voicememo.h
  HDRINST usr/include/audio/linux/msm_audio_wma.h
  HDRINST usr/include/audio/linux/msm_audio_wmapro.h
  HDRINST usr/include/audio/linux/wcd-spi-ac-params.h
  HDRINST usr/include/audio/sound/audio_compressed_formats.h
  HDRINST usr/include/audio/sound/audio_effects.h
  HDRINST usr/include/audio/sound/audio_slimslave.h
  HDRINST usr/include/audio/sound/devdep_params.h
  HDRINST usr/include/audio/sound/lsm_params.h
  HDRINST usr/include/audio/sound/msm-cirrus-playback.h
  HDRINST usr/include/audio/sound/msmcal-hwdep.h
  HDRINST usr/include/audio/sound/voice_params.h
  HDRINST usr/include/audio/sound/wcd-dsp-glink.h
  HDRINST usr/include/camera/media/cam_cpas.h
  HDRINST usr/include/camera/media/cam_custom.h
  HDRINST usr/include/camera/media/cam_defs.h
  HDRINST usr/include/camera/media/cam_fd.h
  HDRINST usr/include/camera/media/cam_icp.h
  HDRINST usr/include/camera/media/cam_isp.h
  HDRINST usr/include/camera/media/cam_isp_ife.h
  HDRINST usr/include/camera/media/cam_isp_sfe.h
  HDRINST usr/include/camera/media/cam_isp_tfe.h
  HDRINST usr/include/camera/media/cam_isp_vfe.h
  HDRINST usr/include/camera/media/cam_jpeg.h
  HDRINST usr/include/camera/media/cam_lrme.h
  HDRINST usr/include/camera/media/cam_ope.h
  HDRINST usr/include/camera/media/cam_req_mgr.h
  HDRINST usr/include/camera/media/cam_sensor.h
  HDRINST usr/include/camera/media/cam_sync.h
  HDRINST usr/include/camera/media/cam_tfe.h
  HDRINST usr/include/camera/media/cam_cpas.h
  HDRINST usr/include/camera/media/cam_custom.h
  HDRINST usr/include/camera/media/cam_defs.h
  HDRINST usr/include/camera/media/cam_fd.h
  HDRINST usr/include/camera/media/cam_icp.h
  HDRINST usr/include/camera/media/cam_isp.h
  HDRINST usr/include/camera/media/cam_isp_ife.h
  HDRINST usr/include/camera/media/cam_isp_sfe.h
  HDRINST usr/include/camera/media/cam_isp_tfe.h
  HDRINST usr/include/camera/media/cam_isp_vfe.h
  HDRINST usr/include/camera/media/cam_jpeg.h
  HDRINST usr/include/camera/media/cam_lrme.h
  HDRINST usr/include/camera/media/cam_ope.h
  HDRINST usr/include/camera/media/cam_req_mgr.h
  HDRINST usr/include/camera/media/cam_sensor.h
  HDRINST usr/include/camera/media/cam_sync.h
  HDRINST usr/include/camera/media/cam_tfe.h
  HDRINST usr/include/display/drm/mi_disp.h
  HDRINST usr/include/display/drm/msm_drm_pp.h
  HDRINST usr/include/display/drm/sde_drm.h
  HDRINST usr/include/display/hdcp/msm_hdmi_hdcp_mgr.h
  HDRINST usr/include/display/media/mmm_color_fmt.h
  HDRINST usr/include/display/media/msm_sde_rotator.h
  HDRINST usr/include/vidc/media/msm_media_info.h
  HDRINST usr/include/vidc/media/msm_vidc_utils.h
make[1]: Leaving directory '/home/wyc/android_kernel_xiaomi_sm8350-miui/out'
make: *** [Makefile:190: sub-make] Error 2
=================
编译退出码: 2
时间: Sat May  2 11:22:01 PM CST 2026
=== 编译结束 ===
[2026-05-02 23:22:01] ERROR: 编译失败 (退出码: )
[2026-05-02 23:22:02] 详细错误信息已保存至: ./build_logs/errors_20260502_231857.log
[2026-05-02 23:22:02] 完整编译日志: ./build_logs/build_20260502_231857.log
